// Vitest Snapshot v1, https://vitest.dev/guide/snapshot.html

exports[`curry - proxy > should check arguments 1`] = `[Error: [Immer] The first or second argument to \`produce\` must be a function]`;

exports[`curry - proxy > should check arguments 2`] = `[Error: [Immer] The first or second argument to \`produce\` must be a function]`;

exports[`curry - proxy > should check arguments 3`] = `[Error: [Immer] The first or second argument to \`produce\` must be a function]`;

exports[`curry - proxy > should check arguments 4`] = `[Error: [Immer] The third argument to \`produce\` must be a function or undefined]`;
