// Vitest Snapshot v1, https://vitest.dev/guide/snapshot.html

exports[`applyPatches > throws when \`op\` is not "add", "replace", nor "remove" 1`] = `[Error: [Immer] Unsupported patch operation: copy]`;

exports[`applyPatches > throws when \`path\` cannot be resolved 1`] = `[Error: [Immer] Cannot apply patch, path doesn't resolve: a/b]`;

exports[`applyPatches > throws when \`path\` cannot be resolved 2`] = `[Error: [Immer] Cannot apply patch, path doesn't resolve: a/b/c]`;
