// Jest Snapshot v1, https://goo.gl/fbAQLP

exports[`manual - proxy cannot finishDraft twice 1`] = `"Cannot perform 'get' on a proxy that has been revoked"`;

exports[`manual - proxy should check arguments 1`] = `"[Immer] minified error nr: 8. Full error at: https://bit.ly/3cXEKWf"`;

exports[`manual - proxy should check arguments 2`] = `"[Immer] minified error nr: 8. Full error at: https://bit.ly/3cXEKWf"`;

exports[`manual - proxy should check arguments 3`] = `"[Immer] minified error nr: 9. Full error at: https://bit.ly/3cXEKWf"`;

exports[`manual - proxy should not finish twice 1`] = `"Cannot perform 'get' on a proxy that has been revoked"`;

exports[`manual - proxy should support patches drafts 1`] = `
[
  [
    [
      {
        "op": "replace",
        "path": [
          "a",
        ],
        "value": 2,
      },
      {
        "op": "add",
        "path": [
          "b",
        ],
        "value": 3,
      },
    ],
    [
      {
        "op": "replace",
        "path": [
          "a",
        ],
        "value": 1,
      },
      {
        "op": "remove",
        "path": [
          "b",
        ],
      },
    ],
  ],
]
`;
